---
--- Test for ScalarArrayOp expression
---
SET pg_strom.regression_test_mode = on;
SET client_min_messages = error;
DROP SCHEMA IF EXISTS regtest_dexpr_scalar_array_op_temp CASCADE;
CREATE SCHEMA regtest_dexpr_scalar_array_op_temp;
RESET client_min_messages;
SET search_path = regtest_dexpr_scalar_array_op_temp,public;
CREATE TABLE regtest_data (
  id    int,
  x     int[],
  y     numeric[],
  z     text[]
);
SELECT pgstrom.random_setseed(20190630);
 random_setseed 
----------------
 
(1 row)

INSERT INTO regtest_data (
  SELECT x, array[pgstrom.random_int(2,0,1000),
                  pgstrom.random_int(2,0,1000),
                  pgstrom.random_int(2,0,1000)],
            array[pgstrom.random_float(2,0.0,100.0)::numeric(9,2),
                  pgstrom.random_float(2,0.0,100.0)::numeric(9,2),
                  pgstrom.random_float(2,0.0,100.0)::numeric(9,2)],
            array[pgstrom.random_text(2,'k***'),
                  pgstrom.random_text(2,'k***'),
                  pgstrom.random_text(2,'k***')]
    FROM generate_series(1,5000) x
);
UPDATE regtest_data
   SET x = array_append(x, pgstrom.random_int(2,0,1000)::int),
       y = array_append(y, pgstrom.random_float(2,0.0,100.0)::numeric(9,2)),
       z = array_append(z, pgstrom.random_text(2,'k***'))
 WHERE id % 7 = 3;
UPDATE regtest_data
   SET x = array_append(x, pgstrom.random_int(2,0,1000)::int),
       y = array_append(y, pgstrom.random_float(2,0.0,100.0)::numeric(9,2)),
       z = array_append(z, pgstrom.random_text(2,'k***'))
 WHERE id % 14 = 6;
UPDATE regtest_data
   SET x = array_append(x, pgstrom.random_int(2,0,1000)::int),
       y = array_append(y, pgstrom.random_float(2,0.0,100.0)::numeric(9,2)),
       z = array_append(z, pgstrom.random_text(2,'k***'))
 WHERE id % 31 = 6;
--- force to use GpuScan
SET enable_seqscan = off;
-- ScalarArrayOp test
SET pg_strom.enabled = on;
VACUUM ANALYZE regtest_data;
EXPLAIN (costs off, verbose)
SELECT id,x INTO test01g FROM regtest_data
 WHERE 72 = ANY(x);
                                QUERY PLAN                                
--------------------------------------------------------------------------
 Custom Scan (GpuScan) on regtest_dexpr_scalar_array_op_temp.regtest_data
   Output: id, x
   GPU Projection: regtest_data.id, regtest_data.x
   GPU Scan Quals: (72 = ANY (regtest_data.x))
(4 rows)

SELECT id,x INTO test01g FROM regtest_data
 WHERE 72 = ANY(x);
SET pg_strom.enabled = off;
SELECT id,x INTO test01p FROM regtest_data
 WHERE 72 = ANY(x);
(SELECT * FROM test01g EXCEPT SELECT * FROM test01p);
 id | x 
----+---
(0 rows)

(SELECT * FROM test01p EXCEPT SELECT * FROM test01g);
 id | x 
----+---
(0 rows)

SET pg_strom.enabled = on;
VACUUM ANALYZE regtest_data;
EXPLAIN (costs off, verbose)
SELECT id,y INTO test02g FROM regtest_data
 WHERE 75.96 = ANY(y);
                                QUERY PLAN                                
--------------------------------------------------------------------------
 Custom Scan (GpuScan) on regtest_dexpr_scalar_array_op_temp.regtest_data
   Output: id, y
   GPU Projection: regtest_data.id, regtest_data.y
   GPU Scan Quals: (75.96 = ANY (regtest_data.y))
(4 rows)

SELECT id,y INTO test02g FROM regtest_data
 WHERE 75.96 = ANY(y);
SET pg_strom.enabled = off;
SELECT id,y INTO test02p FROM regtest_data
 WHERE 75.96 = ANY(y);
(SELECT * FROM test02g EXCEPT SELECT * FROM test02p);
 id | y 
----+---
(0 rows)

(SELECT * FROM test02p EXCEPT SELECT * FROM test02g);
 id | y 
----+---
(0 rows)

SET pg_strom.enabled = on;
VACUUM ANALYZE regtest_data;
EXPLAIN (costs off, verbose)
SELECT id,z INTO test03g FROM regtest_data
  WHERE 'kVOV' = ANY (z);
                                QUERY PLAN                                
--------------------------------------------------------------------------
 Custom Scan (GpuScan) on regtest_dexpr_scalar_array_op_temp.regtest_data
   Output: id, z
   GPU Projection: regtest_data.id, regtest_data.z
   GPU Scan Quals: ('kVOV'::text = ANY (regtest_data.z))
(4 rows)

SELECT id,z INTO test03g FROM regtest_data
  WHERE 'kVOV' = ANY (z);
SET pg_strom.enabled = off;
SELECT id,z INTO test03p FROM regtest_data
  WHERE 'kVOV' = ANY (z);
(SELECT * FROM test03g EXCEPT SELECT * FROM test03p);
 id | z 
----+---
(0 rows)

(SELECT * FROM test03p EXCEPT SELECT * FROM test03g);
 id | z 
----+---
(0 rows)

-- TODO: array operation on fdw_arrow
-- should be empty result
SET pg_strom.enabled = off;
SELECT * FROM regtest_data WHERE null = ANY (x);
 id | x | y | z 
----+---+---+---
(0 rows)

-- cleanup
SET client_min_messages = error;
DROP SCHEMA regtest_dexpr_scalar_array_op_temp CASCADE;
